// Jest Snapshot v1, https://goo.gl/fbAQLP

exports[`Unit: validateValue returns an error and success:false if response does not match schema 1`] = `
Object {
  "error": [ValidationError: Expected { status: "OK" | "FAILURE"; code: number; body: { foo: (string | null)[]; }; }, but was incompatible],
  "success": false,
}
`;

exports[`Unit: validateValue returns the response if it matches the schema 1`] = `
Object {
  "success": true,
  "value": Object {
    "body": Object {
      "foo": Array [
        "super-cool-string",
      ],
    },
    "code": 201,
    "status": "OK",
  },
}
`;
